/home/gs/anaconda3/envs/lhvln-cu128/lib/python3.9/site-packages/fairscale/experimental/nn/offload.py:19: FutureWarning: `torch.cuda.amp.custom_fwd(args...)` is deprecated. Please use `torch.amp.custom_fwd(args..., device_type='cuda')` instead.
  return torch.cuda.amp.custom_fwd(orig_func)  # type: ignore
/home/gs/anaconda3/envs/lhvln-cu128/lib/python3.9/site-packages/fairscale/experimental/nn/offload.py:30: FutureWarning: `torch.cuda.amp.custom_bwd(args...)` is deprecated. Please use `torch.amp.custom_bwd(args..., device_type='cuda')` instead.
  return torch.cuda.amp.custom_bwd(orig_func)  # type: ignore
[16:26:21:611307]:[Warning]:[Metadata] AttributesManagerBase.h(457)::buildAttrSrcPathsFromJSONAndLoad : <Stage Template> : No Glob path result found for `/home/gs/my_project/LH-VLN/data/hm3d/example/00861-GLAQ4DNUx5U/*.basis.glb` so unable to load templates from that path.
[16:26:21:611360]:[Warning]:[Metadata] AttributesManagerBase.h(457)::buildAttrSrcPathsFromJSONAndLoad : <Stage Template> : No Glob path result found for `/home/gs/my_project/LH-VLN/data/hm3d/minival/00800-TEEsavR23oF/*.basis.glb` so unable to load templates from that path.
[16:26:21:611370]:[Warning]:[Metadata] AttributesManagerBase.h(457)::buildAttrSrcPathsFromJSONAndLoad : <Stage Template> : No Glob path result found for `/home/gs/my_project/LH-VLN/data/hm3d/minival/00802-wcojb4TFT35/*.basis.glb` so unable to load templates from that path.
[16:26:21:611381]:[Warning]:[Metadata] AttributesManagerBase.h(457)::buildAttrSrcPathsFromJSONAndLoad : <Stage Template> : No Glob path result found for `/home/gs/my_project/LH-VLN/data/hm3d/minival/00803-k1cupFYWXJ6/*.basis.glb` so unable to load templates from that path.
[16:26:21:611390]:[Warning]:[Metadata] AttributesManagerBase.h(457)::buildAttrSrcPathsFromJSONAndLoad : <Stage Template> : No Glob path result found for `/home/gs/my_project/LH-VLN/data/hm3d/minival/00808-y9hTuugGdiq/*.basis.glb` so unable to load templates from that path.
[16:26:21:611402]:[Warning]:[Metadata] AttributesManagerBase.h(457)::buildAttrSrcPathsFromJSONAndLoad : <Stage Template> : No Glob path result found for `/home/gs/my_project/LH-VLN/data/hm3d/test/00900-XRJ2muKkwAV/*.basis.glb` so unable to load templates from that path.
[16:26:21:611413]:[Warning]:[Metadata] AttributesManagerBase.h(457)::buildAttrSrcPathsFromJSONAndLoad : <Stage Template> : No Glob path result found for `/home/gs/my_project/LH-VLN/data/hm3d/test/00901-aJoC8Qw6xQ5/*.basis.glb` so unable to load templates from that path.
[16:26:21:611424]:[Warning]:[Metadata] AttributesManagerBase.h(457)::buildAttrSrcPathsFromJSONAndLoad : <Stage Template> : No Glob path result found for `/home/gs/my_project/LH-VLN/data/hm3d/test/00904-S9CUp5RsFY9/*.basis.glb` so unable to load templates from that path.
[16:26:21:611435]:[Warning]:[Metadata] AttributesManagerBase.h(457)::buildAttrSrcPathsFromJSONAndLoad : <Stage Template> : No Glob path result found for `/home/gs/my_project/LH-VLN/data/hm3d/test/00905-9v5HzFAB1cm/*.basis.glb` so unable to load templates from that path.
[16:26:21:611446]:[Warning]:[Metadata] AttributesManagerBase.h(457)::buildAttrSrcPathsFromJSONAndLoad : <Stage Template> : No Glob path result found for `/home/gs/my_project/LH-VLN/data/hm3d/test/00907-WGxjrSp71zX/*.basis.glb` so unable to load templates from that path.
[16:26:21:611457]:[Warning]:[Metadata] AttributesManagerBase.h(457)::buildAttrSrcPathsFromJSONAndLoad : <Stage Template> : No Glob path result found for `/home/gs/my_project/LH-VLN/data/hm3d/test/00909-MrKys1cv4jD/*.basis.glb` so unable to load templates from that path.
[16:26:21:611467]:[Warning]:[Metadata] AttributesManagerBase.h(457)::buildAttrSrcPathsFromJSONAndLoad : <Stage Template> : No Glob path result found for `/home/gs/my_project/LH-VLN/data/hm3d/test/00910-jE7Qzu3FyJD/*.basis.glb` so unable to load templates from that path.
[16:26:21:611478]:[Warning]:[Metadata] AttributesManagerBase.h(457)::buildAttrSrcPathsFromJSONAndLoad : <Stage Template> : No Glob path result found for `/home/gs/my_project/LH-VLN/data/hm3d/test/00911-a8h4mZT8buN/*.basis.glb` so unable to load templates from that path.
[16:26:21:611488]:[Warning]:[Metadata] AttributesManagerBase.h(457)::buildAttrSrcPathsFromJSONAndLoad : <Stage Template> : No Glob path result found for `/home/gs/my_project/LH-VLN/data/hm3d/test/00913-URu5ybF8PrH/*.basis.glb` so unable to load templates from that path.
[16:26:21:611499]:[Warning]:[Metadata] AttributesManagerBase.h(457)::buildAttrSrcPathsFromJSONAndLoad : <Stage Template> : No Glob path result found for `/home/gs/my_project/LH-VLN/data/hm3d/test/00914-TxyEAAVD4iD/*.basis.glb` so unable to load templates from that path.
[16:26:21:611509]:[Warning]:[Metadata] AttributesManagerBase.h(457)::buildAttrSrcPathsFromJSONAndLoad : <Stage Template> : No Glob path result found for `/home/gs/my_project/LH-VLN/data/hm3d/test/00915-ieavb8rbmA9/*.basis.glb` so unable to load templates from that path.
[16:26:21:611520]:[Warning]:[Metadata] AttributesManagerBase.h(457)::buildAttrSrcPathsFromJSONAndLoad : <Stage Template> : No Glob path result found for `/home/gs/my_project/LH-VLN/data/hm3d/test/00918-NQX2SZD1TMJ/*.basis.glb` so unable to load templates from that path.
[16:26:21:611530]:[Warning]:[Metadata] AttributesManagerBase.h(457)::buildAttrSrcPathsFromJSONAndLoad : <Stage Template> : No Glob path result found for `/home/gs/my_project/LH-VLN/data/hm3d/test/00921-nhtTwUrWv7v/*.basis.glb` so unable to load templates from that path.
[16:26:21:611540]:[Warning]:[Metadata] AttributesManagerBase.h(457)::buildAttrSrcPathsFromJSONAndLoad : <Stage Template> : No Glob path result found for `/home/gs/my_project/LH-VLN/data/hm3d/test/00925-4QUpJVDQ1DN/*.basis.glb` so unable to load templates from that path.
[16:26:21:611551]:[Warning]:[Metadata] AttributesManagerBase.h(457)::buildAttrSrcPathsFromJSONAndLoad : <Stage Template> : No Glob path result found for `/home/gs/my_project/LH-VLN/data/hm3d/test/00926-egVUByjgpHU/*.basis.glb` so unable to load templates from that path.
[16:26:21:611562]:[Warning]:[Metadata] AttributesManagerBase.h(457)::buildAttrSrcPathsFromJSONAndLoad : <Stage Template> : No Glob path result found for `/home/gs/my_project/LH-VLN/data/hm3d/test/00927-kucQY8TbKkz/*.basis.glb` so unable to load templates from that path.
[16:26:21:611572]:[Warning]:[Metadata] AttributesManagerBase.h(457)::buildAttrSrcPathsFromJSONAndLoad : <Stage Template> : No Glob path result found for `/home/gs/my_project/LH-VLN/data/hm3d/test/00929-azb2LDaMrGZ/*.basis.glb` so unable to load templates from that path.
[16:26:21:611582]:[Warning]:[Metadata] AttributesManagerBase.h(457)::buildAttrSrcPathsFromJSONAndLoad : <Stage Template> : No Glob path result found for `/home/gs/my_project/LH-VLN/data/hm3d/test/00939-VedHjk858Vu/*.basis.glb` so unable to load templates from that path.
[16:26:21:611593]:[Warning]:[Metadata] AttributesManagerBase.h(457)::buildAttrSrcPathsFromJSONAndLoad : <Stage Template> : No Glob path result found for `/home/gs/my_project/LH-VLN/data/hm3d/test/00940-oHcTqmvveM7/*.basis.glb` so unable to load templates from that path.
[16:26:21:611603]:[Warning]:[Metadata] AttributesManagerBase.h(457)::buildAttrSrcPathsFromJSONAndLoad : <Stage Template> : No Glob path result found for `/home/gs/my_project/LH-VLN/data/hm3d/test/00947-fyZC1Whhj9i/*.basis.glb` so unable to load templates from that path.
[16:26:21:611610]:[Warning]:[Metadata] AttributesManagerBase.h(457)::buildAttrSrcPathsFromJSONAndLoad : <Stage Template> : No Glob path result found for `/home/gs/my_project/LH-VLN/data/hm3d/test/00951-RGvKsZAErEk/*.basis.glb` so unable to load templates from that path.
[16:26:21:611618]:[Warning]:[Metadata] AttributesManagerBase.h(457)::buildAttrSrcPathsFromJSONAndLoad : <Stage Template> : No Glob path result found for `/home/gs/my_project/LH-VLN/data/hm3d/test/00952-ogAZhviACbN/*.basis.glb` so unable to load templates from that path.
[16:26:21:611625]:[Warning]:[Metadata] AttributesManagerBase.h(457)::buildAttrSrcPathsFromJSONAndLoad : <Stage Template> : No Glob path result found for `/home/gs/my_project/LH-VLN/data/hm3d/test/00955-5TxBa2qkcAh/*.basis.glb` so unable to load templates from that path.
[16:26:21:611632]:[Warning]:[Metadata] AttributesManagerBase.h(457)::buildAttrSrcPathsFromJSONAndLoad : <Stage Template> : No Glob path result found for `/home/gs/my_project/LH-VLN/data/hm3d/test/00956-oNiVkiFKkAr/*.basis.glb` so unable to load templates from that path.
[16:26:21:611639]:[Warning]:[Metadata] AttributesManagerBase.h(457)::buildAttrSrcPathsFromJSONAndLoad : <Stage Template> : No Glob path result found for `/home/gs/my_project/LH-VLN/data/hm3d/test/00957-DowRMDn4MVe/*.basis.glb` so unable to load templates from that path.
[16:26:21:611646]:[Warning]:[Metadata] AttributesManagerBase.h(457)::buildAttrSrcPathsFromJSONAndLoad : <Stage Template> : No Glob path result found for `/home/gs/my_project/LH-VLN/data/hm3d/test/00961-dU7KLdn2Kcd/*.basis.glb` so unable to load templates from that path.
[16:26:21:611653]:[Warning]:[Metadata] AttributesManagerBase.h(457)::buildAttrSrcPathsFromJSONAndLoad : <Stage Template> : No Glob path result found for `/home/gs/my_project/LH-VLN/data/hm3d/test/00963-awRQoguC7TN/*.basis.glb` so unable to load templates from that path.
[16:26:21:611660]:[Warning]:[Metadata] AttributesManagerBase.h(457)::buildAttrSrcPathsFromJSONAndLoad : <Stage Template> : No Glob path result found for `/home/gs/my_project/LH-VLN/data/hm3d/test/00967-XwXCfkthawu/*.basis.glb` so unable to load templates from that path.
[16:26:21:611667]:[Warning]:[Metadata] AttributesManagerBase.h(457)::buildAttrSrcPathsFromJSONAndLoad : <Stage Template> : No Glob path result found for `/home/gs/my_project/LH-VLN/data/hm3d/test/00970-kUmc6DP2tff/*.basis.glb` so unable to load templates from that path.
[16:26:21:611675]:[Warning]:[Metadata] AttributesManagerBase.h(457)::buildAttrSrcPathsFromJSONAndLoad : <Stage Template> : No Glob path result found for `/home/gs/my_project/LH-VLN/data/hm3d/test/00977-1cQ7WUQgXJ4/*.basis.glb` so unable to load templates from that path.
[16:26:21:611682]:[Warning]:[Metadata] AttributesManagerBase.h(457)::buildAttrSrcPathsFromJSONAndLoad : <Stage Template> : No Glob path result found for `/home/gs/my_project/LH-VLN/data/hm3d/test/00978-sZJ5zo6FrEe/*.basis.glb` so unable to load templates from that path.
[16:26:21:611689]:[Warning]:[Metadata] AttributesManagerBase.h(457)::buildAttrSrcPathsFromJSONAndLoad : <Stage Template> : No Glob path result found for `/home/gs/my_project/LH-VLN/data/hm3d/test/00981-Rp8JNfstaew/*.basis.glb` so unable to load templates from that path.
[16:26:21:611696]:[Warning]:[Metadata] AttributesManagerBase.h(457)::buildAttrSrcPathsFromJSONAndLoad : <Stage Template> : No Glob path result found for `/home/gs/my_project/LH-VLN/data/hm3d/test/00985-3ZJjFFjJKqZ/*.basis.glb` so unable to load templates from that path.
[16:26:21:611703]:[Warning]:[Metadata] AttributesManagerBase.h(457)::buildAttrSrcPathsFromJSONAndLoad : <Stage Template> : No Glob path result found for `/home/gs/my_project/LH-VLN/data/hm3d/test/00989-t9gvgFMoH4R/*.basis.glb` so unable to load templates from that path.
[16:26:21:611710]:[Warning]:[Metadata] AttributesManagerBase.h(457)::buildAttrSrcPathsFromJSONAndLoad : <Stage Template> : No Glob path result found for `/home/gs/my_project/LH-VLN/data/hm3d/test/00992-G3AqUkGnykx/*.basis.glb` so unable to load templates from that path.
[16:26:21:617134]:[Warning]:[Metadata] AttributesManagerBase.h(457)::buildAttrSrcPathsFromJSONAndLoad : <Scene Instance> : No Glob path result found for `/home/gs/my_project/LH-VLN/data/hm3d/example/00861-GLAQ4DNUx5U/*.basis.scene_instance.json` so unable to load templates from that path.
[16:26:21:617154]:[Warning]:[Metadata] AttributesManagerBase.h(457)::buildAttrSrcPathsFromJSONAndLoad : <Scene Instance> : No Glob path result found for `/home/gs/my_project/LH-VLN/data/hm3d/minival/00800-TEEsavR23oF/*.basis.scene_instance.json` so unable to load templates from that path.
[16:26:21:617160]:[Warning]:[Metadata] AttributesManagerBase.h(457)::buildAttrSrcPathsFromJSONAndLoad : <Scene Instance> : No Glob path result found for `/home/gs/my_project/LH-VLN/data/hm3d/minival/00802-wcojb4TFT35/*.basis.scene_instance.json` so unable to load templates from that path.
[16:26:21:617166]:[Warning]:[Metadata] AttributesManagerBase.h(457)::buildAttrSrcPathsFromJSONAndLoad : <Scene Instance> : No Glob path result found for `/home/gs/my_project/LH-VLN/data/hm3d/minival/00803-k1cupFYWXJ6/*.basis.scene_instance.json` so unable to load templates from that path.
[16:26:21:617172]:[Warning]:[Metadata] AttributesManagerBase.h(457)::buildAttrSrcPathsFromJSONAndLoad : <Scene Instance> : No Glob path result found for `/home/gs/my_project/LH-VLN/data/hm3d/minival/00808-y9hTuugGdiq/*.basis.scene_instance.json` so unable to load templates from that path.
[16:26:21:617179]:[Warning]:[Metadata] AttributesManagerBase.h(457)::buildAttrSrcPathsFromJSONAndLoad : <Scene Instance> : No Glob path result found for `/home/gs/my_project/LH-VLN/data/hm3d/test/00900-XRJ2muKkwAV/*.basis.scene_instance.json` so unable to load templates from that path.
[16:26:21:617184]:[Warning]:[Metadata] AttributesManagerBase.h(457)::buildAttrSrcPathsFromJSONAndLoad : <Scene Instance> : No Glob path result found for `/home/gs/my_project/LH-VLN/data/hm3d/test/00901-aJoC8Qw6xQ5/*.basis.scene_instance.json` so unable to load templates from that path.
[16:26:21:617190]:[Warning]:[Metadata] AttributesManagerBase.h(457)::buildAttrSrcPathsFromJSONAndLoad : <Scene Instance> : No Glob path result found for `/home/gs/my_project/LH-VLN/data/hm3d/test/00904-S9CUp5RsFY9/*.basis.scene_instance.json` so unable to load templates from that path.
[16:26:21:617196]:[Warning]:[Metadata] AttributesManagerBase.h(457)::buildAttrSrcPathsFromJSONAndLoad : <Scene Instance> : No Glob path result found for `/home/gs/my_project/LH-VLN/data/hm3d/test/00905-9v5HzFAB1cm/*.basis.scene_instance.json` so unable to load templates from that path.
[16:26:21:617202]:[Warning]:[Metadata] AttributesManagerBase.h(457)::buildAttrSrcPathsFromJSONAndLoad : <Scene Instance> : No Glob path result found for `/home/gs/my_project/LH-VLN/data/hm3d/test/00907-WGxjrSp71zX/*.basis.scene_instance.json` so unable to load templates from that path.
[16:26:21:617208]:[Warning]:[Metadata] AttributesManagerBase.h(457)::buildAttrSrcPathsFromJSONAndLoad : <Scene Instance> : No Glob path result found for `/home/gs/my_project/LH-VLN/data/hm3d/test/00909-MrKys1cv4jD/*.basis.scene_instance.json` so unable to load templates from that path.
[16:26:21:617214]:[Warning]:[Metadata] AttributesManagerBase.h(457)::buildAttrSrcPathsFromJSONAndLoad : <Scene Instance> : No Glob path result found for `/home/gs/my_project/LH-VLN/data/hm3d/test/00910-jE7Qzu3FyJD/*.basis.scene_instance.json` so unable to load templates from that path.
[16:26:21:617219]:[Warning]:[Metadata] AttributesManagerBase.h(457)::buildAttrSrcPathsFromJSONAndLoad : <Scene Instance> : No Glob path result found for `/home/gs/my_project/LH-VLN/data/hm3d/test/00911-a8h4mZT8buN/*.basis.scene_instance.json` so unable to load templates from that path.
[16:26:21:617225]:[Warning]:[Metadata] AttributesManagerBase.h(457)::buildAttrSrcPathsFromJSONAndLoad : <Scene Instance> : No Glob path result found for `/home/gs/my_project/LH-VLN/data/hm3d/test/00913-URu5ybF8PrH/*.basis.scene_instance.json` so unable to load templates from that path.
[16:26:21:617231]:[Warning]:[Metadata] AttributesManagerBase.h(457)::buildAttrSrcPathsFromJSONAndLoad : <Scene Instance> : No Glob path result found for `/home/gs/my_project/LH-VLN/data/hm3d/test/00914-TxyEAAVD4iD/*.basis.scene_instance.json` so unable to load templates from that path.
[16:26:21:617237]:[Warning]:[Metadata] AttributesManagerBase.h(457)::buildAttrSrcPathsFromJSONAndLoad : <Scene Instance> : No Glob path result found for `/home/gs/my_project/LH-VLN/data/hm3d/test/00915-ieavb8rbmA9/*.basis.scene_instance.json` so unable to load templates from that path.
[16:26:21:617243]:[Warning]:[Metadata] AttributesManagerBase.h(457)::buildAttrSrcPathsFromJSONAndLoad : <Scene Instance> : No Glob path result found for `/home/gs/my_project/LH-VLN/data/hm3d/test/00918-NQX2SZD1TMJ/*.basis.scene_instance.json` so unable to load templates from that path.
[16:26:21:617248]:[Warning]:[Metadata] AttributesManagerBase.h(457)::buildAttrSrcPathsFromJSONAndLoad : <Scene Instance> : No Glob path result found for `/home/gs/my_project/LH-VLN/data/hm3d/test/00921-nhtTwUrWv7v/*.basis.scene_instance.json` so unable to load templates from that path.
[16:26:21:617254]:[Warning]:[Metadata] AttributesManagerBase.h(457)::buildAttrSrcPathsFromJSONAndLoad : <Scene Instance> : No Glob path result found for `/home/gs/my_project/LH-VLN/data/hm3d/test/00925-4QUpJVDQ1DN/*.basis.scene_instance.json` so unable to load templates from that path.
[16:26:21:617260]:[Warning]:[Metadata] AttributesManagerBase.h(457)::buildAttrSrcPathsFromJSONAndLoad : <Scene Instance> : No Glob path result found for `/home/gs/my_project/LH-VLN/data/hm3d/test/00926-egVUByjgpHU/*.basis.scene_instance.json` so unable to load templates from that path.
[16:26:21:617266]:[Warning]:[Metadata] AttributesManagerBase.h(457)::buildAttrSrcPathsFromJSONAndLoad : <Scene Instance> : No Glob path result found for `/home/gs/my_project/LH-VLN/data/hm3d/test/00927-kucQY8TbKkz/*.basis.scene_instance.json` so unable to load templates from that path.
[16:26:21:617272]:[Warning]:[Metadata] AttributesManagerBase.h(457)::buildAttrSrcPathsFromJSONAndLoad : <Scene Instance> : No Glob path result found for `/home/gs/my_project/LH-VLN/data/hm3d/test/00929-azb2LDaMrGZ/*.basis.scene_instance.json` so unable to load templates from that path.
[16:26:21:617277]:[Warning]:[Metadata] AttributesManagerBase.h(457)::buildAttrSrcPathsFromJSONAndLoad : <Scene Instance> : No Glob path result found for `/home/gs/my_project/LH-VLN/data/hm3d/test/00939-VedHjk858Vu/*.basis.scene_instance.json` so unable to load templates from that path.
[16:26:21:617283]:[Warning]:[Metadata] AttributesManagerBase.h(457)::buildAttrSrcPathsFromJSONAndLoad : <Scene Instance> : No Glob path result found for `/home/gs/my_project/LH-VLN/data/hm3d/test/00940-oHcTqmvveM7/*.basis.scene_instance.json` so unable to load templates from that path.
[16:26:21:617289]:[Warning]:[Metadata] AttributesManagerBase.h(457)::buildAttrSrcPathsFromJSONAndLoad : <Scene Instance> : No Glob path result found for `/home/gs/my_project/LH-VLN/data/hm3d/test/00947-fyZC1Whhj9i/*.basis.scene_instance.json` so unable to load templates from that path.
[16:26:21:617295]:[Warning]:[Metadata] AttributesManagerBase.h(457)::buildAttrSrcPathsFromJSONAndLoad : <Scene Instance> : No Glob path result found for `/home/gs/my_project/LH-VLN/data/hm3d/test/00951-RGvKsZAErEk/*.basis.scene_instance.json` so unable to load templates from that path.
[16:26:21:617301]:[Warning]:[Metadata] AttributesManagerBase.h(457)::buildAttrSrcPathsFromJSONAndLoad : <Scene Instance> : No Glob path result found for `/home/gs/my_project/LH-VLN/data/hm3d/test/00952-ogAZhviACbN/*.basis.scene_instance.json` so unable to load templates from that path.
[16:26:21:617306]:[Warning]:[Metadata] AttributesManagerBase.h(457)::buildAttrSrcPathsFromJSONAndLoad : <Scene Instance> : No Glob path result found for `/home/gs/my_project/LH-VLN/data/hm3d/test/00955-5TxBa2qkcAh/*.basis.scene_instance.json` so unable to load templates from that path.
[16:26:21:617312]:[Warning]:[Metadata] AttributesManagerBase.h(457)::buildAttrSrcPathsFromJSONAndLoad : <Scene Instance> : No Glob path result found for `/home/gs/my_project/LH-VLN/data/hm3d/test/00956-oNiVkiFKkAr/*.basis.scene_instance.json` so unable to load templates from that path.
[16:26:21:617317]:[Warning]:[Metadata] AttributesManagerBase.h(457)::buildAttrSrcPathsFromJSONAndLoad : <Scene Instance> : No Glob path result found for `/home/gs/my_project/LH-VLN/data/hm3d/test/00957-DowRMDn4MVe/*.basis.scene_instance.json` so unable to load templates from that path.
[16:26:21:617323]:[Warning]:[Metadata] AttributesManagerBase.h(457)::buildAttrSrcPathsFromJSONAndLoad : <Scene Instance> : No Glob path result found for `/home/gs/my_project/LH-VLN/data/hm3d/test/00961-dU7KLdn2Kcd/*.basis.scene_instance.json` so unable to load templates from that path.
[16:26:21:617329]:[Warning]:[Metadata] AttributesManagerBase.h(457)::buildAttrSrcPathsFromJSONAndLoad : <Scene Instance> : No Glob path result found for `/home/gs/my_project/LH-VLN/data/hm3d/test/00963-awRQoguC7TN/*.basis.scene_instance.json` so unable to load templates from that path.
[16:26:21:617335]:[Warning]:[Metadata] AttributesManagerBase.h(457)::buildAttrSrcPathsFromJSONAndLoad : <Scene Instance> : No Glob path result found for `/home/gs/my_project/LH-VLN/data/hm3d/test/00967-XwXCfkthawu/*.basis.scene_instance.json` so unable to load templates from that path.
[16:26:21:617341]:[Warning]:[Metadata] AttributesManagerBase.h(457)::buildAttrSrcPathsFromJSONAndLoad : <Scene Instance> : No Glob path result found for `/home/gs/my_project/LH-VLN/data/hm3d/test/00970-kUmc6DP2tff/*.basis.scene_instance.json` so unable to load templates from that path.
[16:26:21:617347]:[Warning]:[Metadata] AttributesManagerBase.h(457)::buildAttrSrcPathsFromJSONAndLoad : <Scene Instance> : No Glob path result found for `/home/gs/my_project/LH-VLN/data/hm3d/test/00977-1cQ7WUQgXJ4/*.basis.scene_instance.json` so unable to load templates from that path.
[16:26:21:617353]:[Warning]:[Metadata] AttributesManagerBase.h(457)::buildAttrSrcPathsFromJSONAndLoad : <Scene Instance> : No Glob path result found for `/home/gs/my_project/LH-VLN/data/hm3d/test/00978-sZJ5zo6FrEe/*.basis.scene_instance.json` so unable to load templates from that path.
[16:26:21:617359]:[Warning]:[Metadata] AttributesManagerBase.h(457)::buildAttrSrcPathsFromJSONAndLoad : <Scene Instance> : No Glob path result found for `/home/gs/my_project/LH-VLN/data/hm3d/test/00981-Rp8JNfstaew/*.basis.scene_instance.json` so unable to load templates from that path.
[16:26:21:617364]:[Warning]:[Metadata] AttributesManagerBase.h(457)::buildAttrSrcPathsFromJSONAndLoad : <Scene Instance> : No Glob path result found for `/home/gs/my_project/LH-VLN/data/hm3d/test/00985-3ZJjFFjJKqZ/*.basis.scene_instance.json` so unable to load templates from that path.
[16:26:21:617370]:[Warning]:[Metadata] AttributesManagerBase.h(457)::buildAttrSrcPathsFromJSONAndLoad : <Scene Instance> : No Glob path result found for `/home/gs/my_project/LH-VLN/data/hm3d/test/00989-t9gvgFMoH4R/*.basis.scene_instance.json` so unable to load templates from that path.
[16:26:21:617376]:[Warning]:[Metadata] AttributesManagerBase.h(457)::buildAttrSrcPathsFromJSONAndLoad : <Scene Instance> : No Glob path result found for `/home/gs/my_project/LH-VLN/data/hm3d/test/00992-G3AqUkGnykx/*.basis.scene_instance.json` so unable to load templates from that path.
[16:26:21:617388]:[Warning]:[Metadata] AttributesManagerBase.h(457)::buildAttrSrcPathsFromJSONAndLoad : <Scene Instance> : No Glob path result found for `/home/gs/my_project/LH-VLN/data/hm3d/train/00006-HkseAnWCgqk/*.basis.scene_instance.json` so unable to load templates from that path.
[16:26:21:617398]:[Warning]:[Metadata] AttributesManagerBase.h(457)::buildAttrSrcPathsFromJSONAndLoad : <Scene Instance> : No Glob path result found for `/home/gs/my_project/LH-VLN/data/hm3d/train/00009-vLpv2VX547B/*.basis.scene_instance.json` so unable to load templates from that path.
[16:26:21:617409]:[Warning]:[Metadata] AttributesManagerBase.h(457)::buildAttrSrcPathsFromJSONAndLoad : <Scene Instance> : No Glob path result found for `/home/gs/my_project/LH-VLN/data/hm3d/train/00016-qk9eeNeR4vw/*.basis.scene_instance.json` so unable to load templates from that path.
[16:26:21:617418]:[Warning]:[Metadata] AttributesManagerBase.h(457)::buildAttrSrcPathsFromJSONAndLoad : <Scene Instance> : No Glob path result found for `/home/gs/my_project/LH-VLN/data/hm3d/train/00017-oEPjPNSPmzL/*.basis.scene_instance.json` so unable to load templates from that path.
[16:26:21:617428]:[Warning]:[Metadata] AttributesManagerBase.h(457)::buildAttrSrcPathsFromJSONAndLoad : <Scene Instance> : No Glob path result found for `/home/gs/my_project/LH-VLN/data/hm3d/train/00020-XYyR54sxe6b/*.basis.scene_instance.json` so unable to load templates from that path.
[16:26:21:617438]:[Warning]:[Metadata] AttributesManagerBase.h(457)::buildAttrSrcPathsFromJSONAndLoad : <Scene Instance> : No Glob path result found for `/home/gs/my_project/LH-VLN/data/hm3d/train/00022-gmuS7Wgsbrx/*.basis.scene_instance.json` so unable to load templates from that path.
[16:26:21:617448]:[Warning]:[Metadata] AttributesManagerBase.h(457)::buildAttrSrcPathsFromJSONAndLoad : <Scene Instance> : No Glob path result found for `/home/gs/my_project/LH-VLN/data/hm3d/train/00023-zepmXAdrpjR/*.basis.scene_instance.json` so unable to load templates from that path.
[16:26:21:617458]:[Warning]:[Metadata] AttributesManagerBase.h(457)::buildAttrSrcPathsFromJSONAndLoad : <Scene Instance> : No Glob path result found for `/home/gs/my_project/LH-VLN/data/hm3d/train/00025-ixTj1aTMup2/*.basis.scene_instance.json` so unable to load templates from that path.
[16:26:21:617468]:[Warning]:[Metadata] AttributesManagerBase.h(457)::buildAttrSrcPathsFromJSONAndLoad : <Scene Instance> : No Glob path result found for `/home/gs/my_project/LH-VLN/data/hm3d/train/00031-Wo6kuutE9i7/*.basis.scene_instance.json` so unable to load templates from that path.
[16:26:21:617478]:[Warning]:[Metadata] AttributesManagerBase.h(457)::buildAttrSrcPathsFromJSONAndLoad : <Scene Instance> : No Glob path result found for `/home/gs/my_project/LH-VLN/data/hm3d/train/00033-oPj9qMxrDEa/*.basis.scene_instance.json` so unable to load templates from that path.
[16:26:21:617489]:[Warning]:[Metadata] AttributesManagerBase.h(457)::buildAttrSrcPathsFromJSONAndLoad : <Scene Instance> : No Glob path result found for `/home/gs/my_project/LH-VLN/data/hm3d/train/00034-6imZUJGRUq4/*.basis.scene_instance.json` so unable to load templates from that path.
[16:26:21:617499]:[Warning]:[Metadata] AttributesManagerBase.h(457)::buildAttrSrcPathsFromJSONAndLoad : <Scene Instance> : No Glob path result found for `/home/gs/my_project/LH-VLN/data/hm3d/train/00035-3XYAD64HpDr/*.basis.scene_instance.json` so unable to load templates from that path.
[16:26:21:617509]:[Warning]:[Metadata] AttributesManagerBase.h(457)::buildAttrSrcPathsFromJSONAndLoad : <Scene Instance> : No Glob path result found for `/home/gs/my_project/LH-VLN/data/hm3d/train/00043-Jfyvj3xn2aJ/*.basis.scene_instance.json` so unable to load templates from that path.
[16:26:21:617519]:[Warning]:[Metadata] AttributesManagerBase.h(457)::buildAttrSrcPathsFromJSONAndLoad : <Scene Instance> : No Glob path result found for `/home/gs/my_project/LH-VLN/data/hm3d/train/00055-HxmXPBbFCkH/*.basis.scene_instance.json` so unable to load templates from that path.
[16:26:21:617529]:[Warning]:[Metadata] AttributesManagerBase.h(457)::buildAttrSrcPathsFromJSONAndLoad : <Scene Instance> : No Glob path result found for `/home/gs/my_project/LH-VLN/data/hm3d/train/00057-1UnKg1rAb8A/*.basis.scene_instance.json` so unable to load templates from that path.
[16:26:21:617540]:[Warning]:[Metadata] AttributesManagerBase.h(457)::buildAttrSrcPathsFromJSONAndLoad : <Scene Instance> : No Glob path result found for `/home/gs/my_project/LH-VLN/data/hm3d/train/00059-kJxT5qssH4H/*.basis.scene_instance.json` so unable to load templates from that path.
[16:26:21:617550]:[Warning]:[Metadata] AttributesManagerBase.h(457)::buildAttrSrcPathsFromJSONAndLoad : <Scene Instance> : No Glob path result found for `/home/gs/my_project/LH-VLN/data/hm3d/train/00062-ACZZiU6BXLz/*.basis.scene_instance.json` so unable to load templates from that path.
[16:26:21:617560]:[Warning]:[Metadata] AttributesManagerBase.h(457)::buildAttrSrcPathsFromJSONAndLoad : <Scene Instance> : No Glob path result found for `/home/gs/my_project/LH-VLN/data/hm3d/train/00064-gQgtJ9Stk5s/*.basis.scene_instance.json` so unable to load templates from that path.
[16:26:21:617570]:[Warning]:[Metadata] AttributesManagerBase.h(457)::buildAttrSrcPathsFromJSONAndLoad : <Scene Instance> : No Glob path result found for `/home/gs/my_project/LH-VLN/data/hm3d/train/00081-5biL7VEkByM/*.basis.scene_instance.json` so unable to load templates from that path.
[16:26:21:617581]:[Warning]:[Metadata] AttributesManagerBase.h(457)::buildAttrSrcPathsFromJSONAndLoad : <Scene Instance> : No Glob path result found for `/home/gs/my_project/LH-VLN/data/hm3d/train/00087-YY8rqV6L6rf/*.basis.scene_instance.json` so unable to load templates from that path.
[16:26:21:617591]:[Warning]:[Metadata] AttributesManagerBase.h(457)::buildAttrSrcPathsFromJSONAndLoad : <Scene Instance> : No Glob path result found for `/home/gs/my_project/LH-VLN/data/hm3d/train/00096-6HRFAUDqpTb/*.basis.scene_instance.json` so unable to load templates from that path.
[16:26:21:617602]:[Warning]:[Metadata] AttributesManagerBase.h(457)::buildAttrSrcPathsFromJSONAndLoad : <Scene Instance> : No Glob path result found for `/home/gs/my_project/LH-VLN/data/hm3d/train/00099-226REUyJh2K/*.basis.scene_instance.json` so unable to load templates from that path.
[16:26:21:617612]:[Warning]:[Metadata] AttributesManagerBase.h(457)::buildAttrSrcPathsFromJSONAndLoad : <Scene Instance> : No Glob path result found for `/home/gs/my_project/LH-VLN/data/hm3d/train/00105-xWvSkKiWQpC/*.basis.scene_instance.json` so unable to load templates from that path.
[16:26:21:617621]:[Warning]:[Metadata] AttributesManagerBase.h(457)::buildAttrSrcPathsFromJSONAndLoad : <Scene Instance> : No Glob path result found for `/home/gs/my_project/LH-VLN/data/hm3d/train/00108-oStKKWkQ1id/*.basis.scene_instance.json` so unable to load templates from that path.
[16:26:21:617632]:[Warning]:[Metadata] AttributesManagerBase.h(457)::buildAttrSrcPathsFromJSONAndLoad : <Scene Instance> : No Glob path result found for `/home/gs/my_project/LH-VLN/data/hm3d/train/00109-GTV2Y73Sn5t/*.basis.scene_instance.json` so unable to load templates from that path.
[16:26:21:617642]:[Warning]:[Metadata] AttributesManagerBase.h(457)::buildAttrSrcPathsFromJSONAndLoad : <Scene Instance> : No Glob path result found for `/home/gs/my_project/LH-VLN/data/hm3d/train/00135-HeSYRw7eMtG/*.basis.scene_instance.json` so unable to load templates from that path.
[16:26:21:617652]:[Warning]:[Metadata] AttributesManagerBase.h(457)::buildAttrSrcPathsFromJSONAndLoad : <Scene Instance> : No Glob path result found for `/home/gs/my_project/LH-VLN/data/hm3d/train/00141-iigzG1rtanx/*.basis.scene_instance.json` so unable to load templates from that path.
[16:26:21:617662]:[Warning]:[Metadata] AttributesManagerBase.h(457)::buildAttrSrcPathsFromJSONAndLoad : <Scene Instance> : No Glob path result found for `/home/gs/my_project/LH-VLN/data/hm3d/train/00143-5Kw4nGdqYtS/*.basis.scene_instance.json` so unable to load templates from that path.
[16:26:21:617673]:[Warning]:[Metadata] AttributesManagerBase.h(457)::buildAttrSrcPathsFromJSONAndLoad : <Scene Instance> : No Glob path result found for `/home/gs/my_project/LH-VLN/data/hm3d/train/00149-UuwwmrTsfBN/*.basis.scene_instance.json` so unable to load templates from that path.
[16:26:21:617683]:[Warning]:[Metadata] AttributesManagerBase.h(457)::buildAttrSrcPathsFromJSONAndLoad : <Scene Instance> : No Glob path result found for `/home/gs/my_project/LH-VLN/data/hm3d/train/00150-LcAd9dhvVwh/*.basis.scene_instance.json` so unable to load templates from that path.
[16:26:21:617692]:[Warning]:[Metadata] AttributesManagerBase.h(457)::buildAttrSrcPathsFromJSONAndLoad : <Scene Instance> : No Glob path result found for `/home/gs/my_project/LH-VLN/data/hm3d/train/00155-iLDo95ZbDJq/*.basis.scene_instance.json` so unable to load templates from that path.
[16:26:21:617702]:[Warning]:[Metadata] AttributesManagerBase.h(457)::buildAttrSrcPathsFromJSONAndLoad : <Scene Instance> : No Glob path result found for `/home/gs/my_project/LH-VLN/data/hm3d/train/00164-XfUxBGTFQQb/*.basis.scene_instance.json` so unable to load templates from that path.
[16:26:21:617712]:[Warning]:[Metadata] AttributesManagerBase.h(457)::buildAttrSrcPathsFromJSONAndLoad : <Scene Instance> : No Glob path result found for `/home/gs/my_project/LH-VLN/data/hm3d/train/00166-RaYrxWt5pR1/*.basis.scene_instance.json` so unable to load templates from that path.
[16:26:21:617722]:[Warning]:[Metadata] AttributesManagerBase.h(457)::buildAttrSrcPathsFromJSONAndLoad : <Scene Instance> : No Glob path result found for `/home/gs/my_project/LH-VLN/data/hm3d/train/00168-bHKTDQFJxTw/*.basis.scene_instance.json` so unable to load templates from that path.
[16:26:21:617732]:[Warning]:[Metadata] AttributesManagerBase.h(457)::buildAttrSrcPathsFromJSONAndLoad : <Scene Instance> : No Glob path result found for `/home/gs/my_project/LH-VLN/data/hm3d/train/00172-bB6nKqfsb1z/*.basis.scene_instance.json` so unable to load templates from that path.
[16:26:21:617742]:[Warning]:[Metadata] AttributesManagerBase.h(457)::buildAttrSrcPathsFromJSONAndLoad : <Scene Instance> : No Glob path result found for `/home/gs/my_project/LH-VLN/data/hm3d/train/00173-qZ4B7U6XE5Y/*.basis.scene_instance.json` so unable to load templates from that path.
[16:26:21:617753]:[Warning]:[Metadata] AttributesManagerBase.h(457)::buildAttrSrcPathsFromJSONAndLoad : <Scene Instance> : No Glob path result found for `/home/gs/my_project/LH-VLN/data/hm3d/train/00177-VSxVP19Cdyw/*.basis.scene_instance.json` so unable to load templates from that path.
[16:26:21:617762]:[Warning]:[Metadata] AttributesManagerBase.h(457)::buildAttrSrcPathsFromJSONAndLoad : <Scene Instance> : No Glob path result found for `/home/gs/my_project/LH-VLN/data/hm3d/train/00179-MVVzj944atG/*.basis.scene_instance.json` so unable to load templates from that path.
[16:26:21:617772]:[Warning]:[Metadata] AttributesManagerBase.h(457)::buildAttrSrcPathsFromJSONAndLoad : <Scene Instance> : No Glob path result found for `/home/gs/my_project/LH-VLN/data/hm3d/train/00188-dQrLTxHvLXU/*.basis.scene_instance.json` so unable to load templates from that path.
[16:26:21:617782]:[Warning]:[Metadata] AttributesManagerBase.h(457)::buildAttrSrcPathsFromJSONAndLoad : <Scene Instance> : No Glob path result found for `/home/gs/my_project/LH-VLN/data/hm3d/train/00203-VoVGtfYrpuQ/*.basis.scene_instance.json` so unable to load templates from that path.
[16:26:21:617792]:[Warning]:[Metadata] AttributesManagerBase.h(457)::buildAttrSrcPathsFromJSONAndLoad : <Scene Instance> : No Glob path result found for `/home/gs/my_project/LH-VLN/data/hm3d/train/00205-NEVASPhcrxR/*.basis.scene_instance.json` so unable to load templates from that path.
[16:26:21:617802]:[Warning]:[Metadata] AttributesManagerBase.h(457)::buildAttrSrcPathsFromJSONAndLoad : <Scene Instance> : No Glob path result found for `/home/gs/my_project/LH-VLN/data/hm3d/train/00207-FRQ75PjD278/*.basis.scene_instance.json` so unable to load templates from that path.
[16:26:21:617812]:[Warning]:[Metadata] AttributesManagerBase.h(457)::buildAttrSrcPathsFromJSONAndLoad : <Scene Instance> : No Glob path result found for `/home/gs/my_project/LH-VLN/data/hm3d/train/00210-j2EJhFEQGCL/*.basis.scene_instance.json` so unable to load templates from that path.
[16:26:21:617822]:[Warning]:[Metadata] AttributesManagerBase.h(457)::buildAttrSrcPathsFromJSONAndLoad : <Scene Instance> : No Glob path result found for `/home/gs/my_project/LH-VLN/data/hm3d/train/00217-qz3829g1Lzf/*.basis.scene_instance.json` so unable to load templates from that path.
[16:26:21:617833]:[Warning]:[Metadata] AttributesManagerBase.h(457)::buildAttrSrcPathsFromJSONAndLoad : <Scene Instance> : No Glob path result found for `/home/gs/my_project/LH-VLN/data/hm3d/train/00222-g8Xrdbe9fir/*.basis.scene_instance.json` so unable to load templates from that path.
[16:26:21:617847]:[Warning]:[Metadata] AttributesManagerBase.h(457)::buildAttrSrcPathsFromJSONAndLoad : <Scene Instance> : No Glob path result found for `/home/gs/my_project/LH-VLN/data/hm3d/train/00234-nACV8wLu1u5/*.basis.scene_instance.json` so unable to load templates from that path.
[16:26:21:617861]:[Warning]:[Metadata] AttributesManagerBase.h(457)::buildAttrSrcPathsFromJSONAndLoad : <Scene Instance> : No Glob path result found for `/home/gs/my_project/LH-VLN/data/hm3d/train/00238-j6fHrce9pHR/*.basis.scene_instance.json` so unable to load templates from that path.
[16:26:21:617871]:[Warning]:[Metadata] AttributesManagerBase.h(457)::buildAttrSrcPathsFromJSONAndLoad : <Scene Instance> : No Glob path result found for `/home/gs/my_project/LH-VLN/data/hm3d/train/00241-h6nwVLpAKQz/*.basis.scene_instance.json` so unable to load templates from that path.
[16:26:21:617881]:[Warning]:[Metadata] AttributesManagerBase.h(457)::buildAttrSrcPathsFromJSONAndLoad : <Scene Instance> : No Glob path result found for `/home/gs/my_project/LH-VLN/data/hm3d/train/00245-741Fdj7NLF9/*.basis.scene_instance.json` so unable to load templates from that path.
[16:26:21:617891]:[Warning]:[Metadata] AttributesManagerBase.h(457)::buildAttrSrcPathsFromJSONAndLoad : <Scene Instance> : No Glob path result found for `/home/gs/my_project/LH-VLN/data/hm3d/train/00250-U3oQjwTuMX8/*.basis.scene_instance.json` so unable to load templates from that path.
[16:26:21:617901]:[Warning]:[Metadata] AttributesManagerBase.h(457)::buildAttrSrcPathsFromJSONAndLoad : <Scene Instance> : No Glob path result found for `/home/gs/my_project/LH-VLN/data/hm3d/train/00251-wsAYBFtQaL7/*.basis.scene_instance.json` so unable to load templates from that path.
[16:26:21:617911]:[Warning]:[Metadata] AttributesManagerBase.h(457)::buildAttrSrcPathsFromJSONAndLoad : <Scene Instance> : No Glob path result found for `/home/gs/my_project/LH-VLN/data/hm3d/train/00254-YMNvYDhK8mB/*.basis.scene_instance.json` so unable to load templates from that path.
[16:26:21:617920]:[Warning]:[Metadata] AttributesManagerBase.h(457)::buildAttrSrcPathsFromJSONAndLoad : <Scene Instance> : No Glob path result found for `/home/gs/my_project/LH-VLN/data/hm3d/train/00255-NGyoyh91xXJ/*.basis.scene_instance.json` so unable to load templates from that path.
[16:26:21:617931]:[Warning]:[Metadata] AttributesManagerBase.h(457)::buildAttrSrcPathsFromJSONAndLoad : <Scene Instance> : No Glob path result found for `/home/gs/my_project/LH-VLN/data/hm3d/train/00256-92vYG1q49FY/*.basis.scene_instance.json` so unable to load templates from that path.
[16:26:21:617941]:[Warning]:[Metadata] AttributesManagerBase.h(457)::buildAttrSrcPathsFromJSONAndLoad : <Scene Instance> : No Glob path result found for `/home/gs/my_project/LH-VLN/data/hm3d/train/00258-2Pc8W48bu21/*.basis.scene_instance.json` so unable to load templates from that path.
[16:26:21:617957]:[Warning]:[Metadata] AttributesManagerBase.h(457)::buildAttrSrcPathsFromJSONAndLoad : <Scene Instance> : No Glob path result found for `/home/gs/my_project/LH-VLN/data/hm3d/train/00261-fK2vEV32Lag/*.basis.scene_instance.json` so unable to load templates from that path.
[16:26:21:617967]:[Warning]:[Metadata] AttributesManagerBase.h(457)::buildAttrSrcPathsFromJSONAndLoad : <Scene Instance> : No Glob path result found for `/home/gs/my_project/LH-VLN/data/hm3d/train/00262-1xGrZPxG1Hz/*.basis.scene_instance.json` so unable to load templates from that path.
[16:26:21:617977]:[Warning]:[Metadata] AttributesManagerBase.h(457)::buildAttrSrcPathsFromJSONAndLoad : <Scene Instance> : No Glob path result found for `/home/gs/my_project/LH-VLN/data/hm3d/train/00263-GGBvSFddQgs/*.basis.scene_instance.json` so unable to load templates from that path.
[16:26:21:617987]:[Warning]:[Metadata] AttributesManagerBase.h(457)::buildAttrSrcPathsFromJSONAndLoad : <Scene Instance> : No Glob path result found for `/home/gs/my_project/LH-VLN/data/hm3d/train/00267-gQ3xxshDiCz/*.basis.scene_instance.json` so unable to load templates from that path.
[16:26:21:617996]:[Warning]:[Metadata] AttributesManagerBase.h(457)::buildAttrSrcPathsFromJSONAndLoad : <Scene Instance> : No Glob path result found for `/home/gs/my_project/LH-VLN/data/hm3d/train/00269-JNiWU5TZLtt/*.basis.scene_instance.json` so unable to load templates from that path.
[16:26:21:618007]:[Warning]:[Metadata] AttributesManagerBase.h(457)::buildAttrSrcPathsFromJSONAndLoad : <Scene Instance> : No Glob path result found for `/home/gs/my_project/LH-VLN/data/hm3d/train/00272-kA2nG18hCAr/*.basis.scene_instance.json` so unable to load templates from that path.
[16:26:21:618017]:[Warning]:[Metadata] AttributesManagerBase.h(457)::buildAttrSrcPathsFromJSONAndLoad : <Scene Instance> : No Glob path result found for `/home/gs/my_project/LH-VLN/data/hm3d/train/00294-PPTLa8SkUfo/*.basis.scene_instance.json` so unable to load templates from that path.
[16:26:21:618028]:[Warning]:[Metadata] AttributesManagerBase.h(457)::buildAttrSrcPathsFromJSONAndLoad : <Scene Instance> : No Glob path result found for `/home/gs/my_project/LH-VLN/data/hm3d/train/00299-bdp1XNEdvmW/*.basis.scene_instance.json` so unable to load templates from that path.
[16:26:21:618038]:[Warning]:[Metadata] AttributesManagerBase.h(457)::buildAttrSrcPathsFromJSONAndLoad : <Scene Instance> : No Glob path result found for `/home/gs/my_project/LH-VLN/data/hm3d/train/00304-X6Pct1msZv5/*.basis.scene_instance.json` so unable to load templates from that path.
[16:26:21:618048]:[Warning]:[Metadata] AttributesManagerBase.h(457)::buildAttrSrcPathsFromJSONAndLoad : <Scene Instance> : No Glob path result found for `/home/gs/my_project/LH-VLN/data/hm3d/train/00307-vDfkYo5VqEQ/*.basis.scene_instance.json` so unable to load templates from that path.
[16:26:21:618058]:[Warning]:[Metadata] AttributesManagerBase.h(457)::buildAttrSrcPathsFromJSONAndLoad : <Scene Instance> : No Glob path result found for `/home/gs/my_project/LH-VLN/data/hm3d/train/00313-PE6kVEtrxtj/*.basis.scene_instance.json` so unable to load templates from that path.
[16:26:21:618068]:[Warning]:[Metadata] AttributesManagerBase.h(457)::buildAttrSrcPathsFromJSONAndLoad : <Scene Instance> : No Glob path result found for `/home/gs/my_project/LH-VLN/data/hm3d/train/00323-yHLr6bvWsVm/*.basis.scene_instance.json` so unable to load templates from that path.
[16:26:21:618078]:[Warning]:[Metadata] AttributesManagerBase.h(457)::buildAttrSrcPathsFromJSONAndLoad : <Scene Instance> : No Glob path result found for `/home/gs/my_project/LH-VLN/data/hm3d/train/00324-DoSbsoo4EAg/*.basis.scene_instance.json` so unable to load templates from that path.
[16:26:21:618088]:[Warning]:[Metadata] AttributesManagerBase.h(457)::buildAttrSrcPathsFromJSONAndLoad : <Scene Instance> : No Glob path result found for `/home/gs/my_project/LH-VLN/data/hm3d/train/00326-u9rPN5cHWBg/*.basis.scene_instance.json` so unable to load templates from that path.
[16:26:21:618098]:[Warning]:[Metadata] AttributesManagerBase.h(457)::buildAttrSrcPathsFromJSONAndLoad : <Scene Instance> : No Glob path result found for `/home/gs/my_project/LH-VLN/data/hm3d/train/00327-xgLmjqzoAzF/*.basis.scene_instance.json` so unable to load templates from that path.
[16:26:21:618108]:[Warning]:[Metadata] AttributesManagerBase.h(457)::buildAttrSrcPathsFromJSONAndLoad : <Scene Instance> : No Glob path result found for `/home/gs/my_project/LH-VLN/data/hm3d/train/00330-WhNyDTnd9g5/*.basis.scene_instance.json` so unable to load templates from that path.
[16:26:21:618118]:[Warning]:[Metadata] AttributesManagerBase.h(457)::buildAttrSrcPathsFromJSONAndLoad : <Scene Instance> : No Glob path result found for `/home/gs/my_project/LH-VLN/data/hm3d/train/00366-fxbzYAGkrtm/*.basis.scene_instance.json` so unable to load templates from that path.
[16:26:21:618129]:[Warning]:[Metadata] AttributesManagerBase.h(457)::buildAttrSrcPathsFromJSONAndLoad : <Scene Instance> : No Glob path result found for `/home/gs/my_project/LH-VLN/data/hm3d/train/00378-DqJKU7YU7dA/*.basis.scene_instance.json` so unable to load templates from that path.
[16:26:21:618139]:[Warning]:[Metadata] AttributesManagerBase.h(457)::buildAttrSrcPathsFromJSONAndLoad : <Scene Instance> : No Glob path result found for `/home/gs/my_project/LH-VLN/data/hm3d/train/00382-S7uMvxjBVZq/*.basis.scene_instance.json` so unable to load templates from that path.
[16:26:21:618150]:[Warning]:[Metadata] AttributesManagerBase.h(457)::buildAttrSrcPathsFromJSONAndLoad : <Scene Instance> : No Glob path result found for `/home/gs/my_project/LH-VLN/data/hm3d/train/00384-ceJTwFNjqCt/*.basis.scene_instance.json` so unable to load templates from that path.
[16:26:21:618160]:[Warning]:[Metadata] AttributesManagerBase.h(457)::buildAttrSrcPathsFromJSONAndLoad : <Scene Instance> : No Glob path result found for `/home/gs/my_project/LH-VLN/data/hm3d/train/00386-b3WpMbPFB6q/*.basis.scene_instance.json` so unable to load templates from that path.
[16:26:21:618169]:[Warning]:[Metadata] AttributesManagerBase.h(457)::buildAttrSrcPathsFromJSONAndLoad : <Scene Instance> : No Glob path result found for `/home/gs/my_project/LH-VLN/data/hm3d/train/00388-pcpn6mFqFCg/*.basis.scene_instance.json` so unable to load templates from that path.
[16:26:21:618180]:[Warning]:[Metadata] AttributesManagerBase.h(457)::buildAttrSrcPathsFromJSONAndLoad : <Scene Instance> : No Glob path result found for `/home/gs/my_project/LH-VLN/data/hm3d/train/00397-ZNanfzgCdm3/*.basis.scene_instance.json` so unable to load templates from that path.
[16:26:21:618190]:[Warning]:[Metadata] AttributesManagerBase.h(457)::buildAttrSrcPathsFromJSONAndLoad : <Scene Instance> : No Glob path result found for `/home/gs/my_project/LH-VLN/data/hm3d/train/00401-H8rQCnvBgo6/*.basis.scene_instance.json` so unable to load templates from that path.
[16:26:21:618199]:[Warning]:[Metadata] AttributesManagerBase.h(457)::buildAttrSrcPathsFromJSONAndLoad : <Scene Instance> : No Glob path result found for `/home/gs/my_project/LH-VLN/data/hm3d/train/00404-QN2dRqwd84J/*.basis.scene_instance.json` so unable to load templates from that path.
[16:26:21:618208]:[Warning]:[Metadata] AttributesManagerBase.h(457)::buildAttrSrcPathsFromJSONAndLoad : <Scene Instance> : No Glob path result found for `/home/gs/my_project/LH-VLN/data/hm3d/train/00407-NPHxDe6VeCc/*.basis.scene_instance.json` so unable to load templates from that path.
[16:26:21:618218]:[Warning]:[Metadata] AttributesManagerBase.h(457)::buildAttrSrcPathsFromJSONAndLoad : <Scene Instance> : No Glob path result found for `/home/gs/my_project/LH-VLN/data/hm3d/train/00410-v7DzfFFEpsD/*.basis.scene_instance.json` so unable to load templates from that path.
[16:26:21:618227]:[Warning]:[Metadata] AttributesManagerBase.h(457)::buildAttrSrcPathsFromJSONAndLoad : <Scene Instance> : No Glob path result found for `/home/gs/my_project/LH-VLN/data/hm3d/train/00414-77mMEyxhs44/*.basis.scene_instance.json` so unable to load templates from that path.
[16:26:21:618236]:[Warning]:[Metadata] AttributesManagerBase.h(457)::buildAttrSrcPathsFromJSONAndLoad : <Scene Instance> : No Glob path result found for `/home/gs/my_project/LH-VLN/data/hm3d/train/00417-nGhNxKrgBPb/*.basis.scene_instance.json` so unable to load templates from that path.
[16:26:21:618246]:[Warning]:[Metadata] AttributesManagerBase.h(457)::buildAttrSrcPathsFromJSONAndLoad : <Scene Instance> : No Glob path result found for `/home/gs/my_project/LH-VLN/data/hm3d/train/00422-8wJuSPJ9FXG/*.basis.scene_instance.json` so unable to load templates from that path.
[16:26:21:618255]:[Warning]:[Metadata] AttributesManagerBase.h(457)::buildAttrSrcPathsFromJSONAndLoad : <Scene Instance> : No Glob path result found for `/home/gs/my_project/LH-VLN/data/hm3d/train/00434-L5QEsaVqwrY/*.basis.scene_instance.json` so unable to load templates from that path.
[16:26:21:618264]:[Warning]:[Metadata] AttributesManagerBase.h(457)::buildAttrSrcPathsFromJSONAndLoad : <Scene Instance> : No Glob path result found for `/home/gs/my_project/LH-VLN/data/hm3d/train/00440-wPLokgvCnuk/*.basis.scene_instance.json` so unable to load templates from that path.
[16:26:21:618274]:[Warning]:[Metadata] AttributesManagerBase.h(457)::buildAttrSrcPathsFromJSONAndLoad : <Scene Instance> : No Glob path result found for `/home/gs/my_project/LH-VLN/data/hm3d/train/00444-sX9xad6ULKc/*.basis.scene_instance.json` so unable to load templates from that path.
[16:26:21:618284]:[Warning]:[Metadata] AttributesManagerBase.h(457)::buildAttrSrcPathsFromJSONAndLoad : <Scene Instance> : No Glob path result found for `/home/gs/my_project/LH-VLN/data/hm3d/train/00463-URjpCob8MGw/*.basis.scene_instance.json` so unable to load templates from that path.
[16:26:21:618294]:[Warning]:[Metadata] AttributesManagerBase.h(457)::buildAttrSrcPathsFromJSONAndLoad : <Scene Instance> : No Glob path result found for `/home/gs/my_project/LH-VLN/data/hm3d/train/00466-xAHnY3QzFUN/*.basis.scene_instance.json` so unable to load templates from that path.
[16:26:21:618303]:[Warning]:[Metadata] AttributesManagerBase.h(457)::buildAttrSrcPathsFromJSONAndLoad : <Scene Instance> : No Glob path result found for `/home/gs/my_project/LH-VLN/data/hm3d/train/00475-g7hUFVNac26/*.basis.scene_instance.json` so unable to load templates from that path.
[16:26:21:618312]:[Warning]:[Metadata] AttributesManagerBase.h(457)::buildAttrSrcPathsFromJSONAndLoad : <Scene Instance> : No Glob path result found for `/home/gs/my_project/LH-VLN/data/hm3d/train/00476-NtnvZSMK3en/*.basis.scene_instance.json` so unable to load templates from that path.
[16:26:21:618321]:[Warning]:[Metadata] AttributesManagerBase.h(457)::buildAttrSrcPathsFromJSONAndLoad : <Scene Instance> : No Glob path result found for `/home/gs/my_project/LH-VLN/data/hm3d/train/00487-erXNfWVjqZ8/*.basis.scene_instance.json` so unable to load templates from that path.
[16:26:21:618331]:[Warning]:[Metadata] AttributesManagerBase.h(457)::buildAttrSrcPathsFromJSONAndLoad : <Scene Instance> : No Glob path result found for `/home/gs/my_project/LH-VLN/data/hm3d/train/00495-CQWES1bawee/*.basis.scene_instance.json` so unable to load templates from that path.
[16:26:21:618340]:[Warning]:[Metadata] AttributesManagerBase.h(457)::buildAttrSrcPathsFromJSONAndLoad : <Scene Instance> : No Glob path result found for `/home/gs/my_project/LH-VLN/data/hm3d/train/00506-QVAA6zecMHu/*.basis.scene_instance.json` so unable to load templates from that path.
[16:26:21:618349]:[Warning]:[Metadata] AttributesManagerBase.h(457)::buildAttrSrcPathsFromJSONAndLoad : <Scene Instance> : No Glob path result found for `/home/gs/my_project/LH-VLN/data/hm3d/train/00508-4vwGX7U38Ux/*.basis.scene_instance.json` so unable to load templates from that path.
[16:26:21:618359]:[Warning]:[Metadata] AttributesManagerBase.h(457)::buildAttrSrcPathsFromJSONAndLoad : <Scene Instance> : No Glob path result found for `/home/gs/my_project/LH-VLN/data/hm3d/train/00525-iKFn6fzyRqs/*.basis.scene_instance.json` so unable to load templates from that path.
[16:26:21:618368]:[Warning]:[Metadata] AttributesManagerBase.h(457)::buildAttrSrcPathsFromJSONAndLoad : <Scene Instance> : No Glob path result found for `/home/gs/my_project/LH-VLN/data/hm3d/train/00529-W9YAR9qcuvN/*.basis.scene_instance.json` so unable to load templates from that path.
[16:26:21:618377]:[Warning]:[Metadata] AttributesManagerBase.h(457)::buildAttrSrcPathsFromJSONAndLoad : <Scene Instance> : No Glob path result found for `/home/gs/my_project/LH-VLN/data/hm3d/train/00534-DBBESbk4Y3k/*.basis.scene_instance.json` so unable to load templates from that path.
[16:26:21:618386]:[Warning]:[Metadata] AttributesManagerBase.h(457)::buildAttrSrcPathsFromJSONAndLoad : <Scene Instance> : No Glob path result found for `/home/gs/my_project/LH-VLN/data/hm3d/train/00537-oahi4u45xMf/*.basis.scene_instance.json` so unable to load templates from that path.
[16:26:21:618395]:[Warning]:[Metadata] AttributesManagerBase.h(457)::buildAttrSrcPathsFromJSONAndLoad : <Scene Instance> : No Glob path result found for `/home/gs/my_project/LH-VLN/data/hm3d/train/00538-3CBBjsNkhqW/*.basis.scene_instance.json` so unable to load templates from that path.
[16:26:21:618404]:[Warning]:[Metadata] AttributesManagerBase.h(457)::buildAttrSrcPathsFromJSONAndLoad : <Scene Instance> : No Glob path result found for `/home/gs/my_project/LH-VLN/data/hm3d/train/00539-zUG6FL9TYeR/*.basis.scene_instance.json` so unable to load templates from that path.
[16:26:21:618414]:[Warning]:[Metadata] AttributesManagerBase.h(457)::buildAttrSrcPathsFromJSONAndLoad : <Scene Instance> : No Glob path result found for `/home/gs/my_project/LH-VLN/data/hm3d/train/00541-FnDDfrBZPhh/*.basis.scene_instance.json` so unable to load templates from that path.
[16:26:21:618423]:[Warning]:[Metadata] AttributesManagerBase.h(457)::buildAttrSrcPathsFromJSONAndLoad : <Scene Instance> : No Glob path result found for `/home/gs/my_project/LH-VLN/data/hm3d/train/00546-nS8T59Aw3sf/*.basis.scene_instance.json` so unable to load templates from that path.
[16:26:21:618433]:[Warning]:[Metadata] AttributesManagerBase.h(457)::buildAttrSrcPathsFromJSONAndLoad : <Scene Instance> : No Glob path result found for `/home/gs/my_project/LH-VLN/data/hm3d/train/00547-9h5JJxM6E5S/*.basis.scene_instance.json` so unable to load templates from that path.
[16:26:21:618442]:[Warning]:[Metadata] AttributesManagerBase.h(457)::buildAttrSrcPathsFromJSONAndLoad : <Scene Instance> : No Glob path result found for `/home/gs/my_project/LH-VLN/data/hm3d/train/00557-fRZhp6vWGw7/*.basis.scene_instance.json` so unable to load templates from that path.
[16:26:21:618451]:[Warning]:[Metadata] AttributesManagerBase.h(457)::buildAttrSrcPathsFromJSONAndLoad : <Scene Instance> : No Glob path result found for `/home/gs/my_project/LH-VLN/data/hm3d/train/00560-gjhYih4upQ9/*.basis.scene_instance.json` so unable to load templates from that path.
[16:26:21:618460]:[Warning]:[Metadata] AttributesManagerBase.h(457)::buildAttrSrcPathsFromJSONAndLoad : <Scene Instance> : No Glob path result found for `/home/gs/my_project/LH-VLN/data/hm3d/train/00567-KjZrPggnHm8/*.basis.scene_instance.json` so unable to load templates from that path.
[16:26:21:618469]:[Warning]:[Metadata] AttributesManagerBase.h(457)::buildAttrSrcPathsFromJSONAndLoad : <Scene Instance> : No Glob path result found for `/home/gs/my_project/LH-VLN/data/hm3d/train/00569-YJDUB7hWg9h/*.basis.scene_instance.json` so unable to load templates from that path.
[16:26:21:618478]:[Warning]:[Metadata] AttributesManagerBase.h(457)::buildAttrSrcPathsFromJSONAndLoad : <Scene Instance> : No Glob path result found for `/home/gs/my_project/LH-VLN/data/hm3d/train/00582-TYDavTf8oyy/*.basis.scene_instance.json` so unable to load templates from that path.
[16:26:21:618488]:[Warning]:[Metadata] AttributesManagerBase.h(457)::buildAttrSrcPathsFromJSONAndLoad : <Scene Instance> : No Glob path result found for `/home/gs/my_project/LH-VLN/data/hm3d/train/00590-qgZhhx1MpTi/*.basis.scene_instance.json` so unable to load templates from that path.
[16:26:21:618497]:[Warning]:[Metadata] AttributesManagerBase.h(457)::buildAttrSrcPathsFromJSONAndLoad : <Scene Instance> : No Glob path result found for `/home/gs/my_project/LH-VLN/data/hm3d/train/00591-JptJPosx1Z6/*.basis.scene_instance.json` so unable to load templates from that path.
[16:26:21:618506]:[Warning]:[Metadata] AttributesManagerBase.h(457)::buildAttrSrcPathsFromJSONAndLoad : <Scene Instance> : No Glob path result found for `/home/gs/my_project/LH-VLN/data/hm3d/train/00592-CthA7sQNTPK/*.basis.scene_instance.json` so unable to load templates from that path.
[16:26:21:618515]:[Warning]:[Metadata] AttributesManagerBase.h(457)::buildAttrSrcPathsFromJSONAndLoad : <Scene Instance> : No Glob path result found for `/home/gs/my_project/LH-VLN/data/hm3d/train/00598-mt9H8KcxRKD/*.basis.scene_instance.json` so unable to load templates from that path.
[16:26:21:618525]:[Warning]:[Metadata] AttributesManagerBase.h(457)::buildAttrSrcPathsFromJSONAndLoad : <Scene Instance> : No Glob path result found for `/home/gs/my_project/LH-VLN/data/hm3d/train/00606-W16Bm4ysK8v/*.basis.scene_instance.json` so unable to load templates from that path.
[16:26:21:618534]:[Warning]:[Metadata] AttributesManagerBase.h(457)::buildAttrSrcPathsFromJSONAndLoad : <Scene Instance> : No Glob path result found for `/home/gs/my_project/LH-VLN/data/hm3d/train/00612-GsQBY83r3hb/*.basis.scene_instance.json` so unable to load templates from that path.
[16:26:21:618543]:[Warning]:[Metadata] AttributesManagerBase.h(457)::buildAttrSrcPathsFromJSONAndLoad : <Scene Instance> : No Glob path result found for `/home/gs/my_project/LH-VLN/data/hm3d/train/00619-R9fYpvCUkV7/*.basis.scene_instance.json` so unable to load templates from that path.
[16:26:21:618553]:[Warning]:[Metadata] AttributesManagerBase.h(457)::buildAttrSrcPathsFromJSONAndLoad : <Scene Instance> : No Glob path result found for `/home/gs/my_project/LH-VLN/data/hm3d/train/00624-ooq3SnvC79d/*.basis.scene_instance.json` so unable to load templates from that path.
[16:26:21:618562]:[Warning]:[Metadata] AttributesManagerBase.h(457)::buildAttrSrcPathsFromJSONAndLoad : <Scene Instance> : No Glob path result found for `/home/gs/my_project/LH-VLN/data/hm3d/train/00626-XiJhRLvpKpX/*.basis.scene_instance.json` so unable to load templates from that path.
[16:26:21:618571]:[Warning]:[Metadata] AttributesManagerBase.h(457)::buildAttrSrcPathsFromJSONAndLoad : <Scene Instance> : No Glob path result found for `/home/gs/my_project/LH-VLN/data/hm3d/train/00638-iePHCSf119p/*.basis.scene_instance.json` so unable to load templates from that path.
[16:26:21:618581]:[Warning]:[Metadata] AttributesManagerBase.h(457)::buildAttrSrcPathsFromJSONAndLoad : <Scene Instance> : No Glob path result found for `/home/gs/my_project/LH-VLN/data/hm3d/train/00643-ggNAcMh8JPT/*.basis.scene_instance.json` so unable to load templates from that path.
[16:26:21:618590]:[Warning]:[Metadata] AttributesManagerBase.h(457)::buildAttrSrcPathsFromJSONAndLoad : <Scene Instance> : No Glob path result found for `/home/gs/my_project/LH-VLN/data/hm3d/train/00657-TSJmdttd2GV/*.basis.scene_instance.json` so unable to load templates from that path.
[16:26:21:618599]:[Warning]:[Metadata] AttributesManagerBase.h(457)::buildAttrSrcPathsFromJSONAndLoad : <Scene Instance> : No Glob path result found for `/home/gs/my_project/LH-VLN/data/hm3d/train/00662-aRKASs4e8j1/*.basis.scene_instance.json` so unable to load templates from that path.
[16:26:21:618608]:[Warning]:[Metadata] AttributesManagerBase.h(457)::buildAttrSrcPathsFromJSONAndLoad : <Scene Instance> : No Glob path result found for `/home/gs/my_project/LH-VLN/data/hm3d/train/00664-u5atqC7vRCY/*.basis.scene_instance.json` so unable to load templates from that path.
[16:26:21:618617]:[Warning]:[Metadata] AttributesManagerBase.h(457)::buildAttrSrcPathsFromJSONAndLoad : <Scene Instance> : No Glob path result found for `/home/gs/my_project/LH-VLN/data/hm3d/train/00668-6YtDG3FhNvx/*.basis.scene_instance.json` so unable to load templates from that path.
[16:26:21:618627]:[Warning]:[Metadata] AttributesManagerBase.h(457)::buildAttrSrcPathsFromJSONAndLoad : <Scene Instance> : No Glob path result found for `/home/gs/my_project/LH-VLN/data/hm3d/train/00669-DNWbUAJYsPy/*.basis.scene_instance.json` so unable to load templates from that path.
[16:26:21:618636]:[Warning]:[Metadata] AttributesManagerBase.h(457)::buildAttrSrcPathsFromJSONAndLoad : <Scene Instance> : No Glob path result found for `/home/gs/my_project/LH-VLN/data/hm3d/train/00680-YmWinf3mhb5/*.basis.scene_instance.json` so unable to load templates from that path.
[16:26:21:618645]:[Warning]:[Metadata] AttributesManagerBase.h(457)::buildAttrSrcPathsFromJSONAndLoad : <Scene Instance> : No Glob path result found for `/home/gs/my_project/LH-VLN/data/hm3d/train/00685-ENiCjXWB6aQ/*.basis.scene_instance.json` so unable to load templates from that path.
[16:26:21:618654]:[Warning]:[Metadata] AttributesManagerBase.h(457)::buildAttrSrcPathsFromJSONAndLoad : <Scene Instance> : No Glob path result found for `/home/gs/my_project/LH-VLN/data/hm3d/train/00688-SgkmkWjjmDJ/*.basis.scene_instance.json` so unable to load templates from that path.
[16:26:21:618663]:[Warning]:[Metadata] AttributesManagerBase.h(457)::buildAttrSrcPathsFromJSONAndLoad : <Scene Instance> : No Glob path result found for `/home/gs/my_project/LH-VLN/data/hm3d/train/00696-DsEJeNPcZtE/*.basis.scene_instance.json` so unable to load templates from that path.
[16:26:21:618672]:[Warning]:[Metadata] AttributesManagerBase.h(457)::buildAttrSrcPathsFromJSONAndLoad : <Scene Instance> : No Glob path result found for `/home/gs/my_project/LH-VLN/data/hm3d/train/00706-YHmAkqgwe2p/*.basis.scene_instance.json` so unable to load templates from that path.
[16:26:21:618681]:[Warning]:[Metadata] AttributesManagerBase.h(457)::buildAttrSrcPathsFromJSONAndLoad : <Scene Instance> : No Glob path result found for `/home/gs/my_project/LH-VLN/data/hm3d/train/00707-XVSZJAtHKdi/*.basis.scene_instance.json` so unable to load templates from that path.
[16:26:21:618691]:[Warning]:[Metadata] AttributesManagerBase.h(457)::buildAttrSrcPathsFromJSONAndLoad : <Scene Instance> : No Glob path result found for `/home/gs/my_project/LH-VLN/data/hm3d/train/00712-HZ2iMMBsBQ9/*.basis.scene_instance.json` so unable to load templates from that path.
[16:26:21:618700]:[Warning]:[Metadata] AttributesManagerBase.h(457)::buildAttrSrcPathsFromJSONAndLoad : <Scene Instance> : No Glob path result found for `/home/gs/my_project/LH-VLN/data/hm3d/train/00720-8B43pG641ff/*.basis.scene_instance.json` so unable to load templates from that path.
[16:26:21:618709]:[Warning]:[Metadata] AttributesManagerBase.h(457)::buildAttrSrcPathsFromJSONAndLoad : <Scene Instance> : No Glob path result found for `/home/gs/my_project/LH-VLN/data/hm3d/train/00723-hWDDQnSDMXb/*.basis.scene_instance.json` so unable to load templates from that path.
[16:26:21:618718]:[Warning]:[Metadata] AttributesManagerBase.h(457)::buildAttrSrcPathsFromJSONAndLoad : <Scene Instance> : No Glob path result found for `/home/gs/my_project/LH-VLN/data/hm3d/train/00732-Z2DQddYp1fn/*.basis.scene_instance.json` so unable to load templates from that path.
[16:26:21:618727]:[Warning]:[Metadata] AttributesManagerBase.h(457)::buildAttrSrcPathsFromJSONAndLoad : <Scene Instance> : No Glob path result found for `/home/gs/my_project/LH-VLN/data/hm3d/train/00733-GtM3JtRvvvR/*.basis.scene_instance.json` so unable to load templates from that path.
[16:26:21:618736]:[Warning]:[Metadata] AttributesManagerBase.h(457)::buildAttrSrcPathsFromJSONAndLoad : <Scene Instance> : No Glob path result found for `/home/gs/my_project/LH-VLN/data/hm3d/train/00738-GPyDUnjwZQy/*.basis.scene_instance.json` so unable to load templates from that path.
[16:26:21:618745]:[Warning]:[Metadata] AttributesManagerBase.h(457)::buildAttrSrcPathsFromJSONAndLoad : <Scene Instance> : No Glob path result found for `/home/gs/my_project/LH-VLN/data/hm3d/train/00741-w8GiikYuFRk/*.basis.scene_instance.json` so unable to load templates from that path.
[16:26:21:618754]:[Warning]:[Metadata] AttributesManagerBase.h(457)::buildAttrSrcPathsFromJSONAndLoad : <Scene Instance> : No Glob path result found for `/home/gs/my_project/LH-VLN/data/hm3d/train/00744-1S7LAXRdDqK/*.basis.scene_instance.json` so unable to load templates from that path.
[16:26:21:618763]:[Warning]:[Metadata] AttributesManagerBase.h(457)::buildAttrSrcPathsFromJSONAndLoad : <Scene Instance> : No Glob path result found for `/home/gs/my_project/LH-VLN/data/hm3d/train/00745-yX5efd48dLf/*.basis.scene_instance.json` so unable to load templates from that path.
[16:26:21:618772]:[Warning]:[Metadata] AttributesManagerBase.h(457)::buildAttrSrcPathsFromJSONAndLoad : <Scene Instance> : No Glob path result found for `/home/gs/my_project/LH-VLN/data/hm3d/train/00746-RTV2n6fXB2w/*.basis.scene_instance.json` so unable to load templates from that path.
[16:26:21:618781]:[Warning]:[Metadata] AttributesManagerBase.h(457)::buildAttrSrcPathsFromJSONAndLoad : <Scene Instance> : No Glob path result found for `/home/gs/my_project/LH-VLN/data/hm3d/train/00750-E1NrAhMoqvB/*.basis.scene_instance.json` so unable to load templates from that path.
[16:26:21:618790]:[Warning]:[Metadata] AttributesManagerBase.h(457)::buildAttrSrcPathsFromJSONAndLoad : <Scene Instance> : No Glob path result found for `/home/gs/my_project/LH-VLN/data/hm3d/train/00757-LVgQNuK8vtv/*.basis.scene_instance.json` so unable to load templates from that path.
[16:26:21:618800]:[Warning]:[Metadata] AttributesManagerBase.h(457)::buildAttrSrcPathsFromJSONAndLoad : <Scene Instance> : No Glob path result found for `/home/gs/my_project/LH-VLN/data/hm3d/train/00758-HfMobPm86Xn/*.basis.scene_instance.json` so unable to load templates from that path.
[16:26:21:618809]:[Warning]:[Metadata] AttributesManagerBase.h(457)::buildAttrSrcPathsFromJSONAndLoad : <Scene Instance> : No Glob path result found for `/home/gs/my_project/LH-VLN/data/hm3d/val/00800-TEEsavR23oF/*.basis.scene_instance.json` so unable to load templates from that path.
[16:26:21:618818]:[Warning]:[Metadata] AttributesManagerBase.h(457)::buildAttrSrcPathsFromJSONAndLoad : <Scene Instance> : No Glob path result found for `/home/gs/my_project/LH-VLN/data/hm3d/val/00802-wcojb4TFT35/*.basis.scene_instance.json` so unable to load templates from that path.
[16:26:21:618827]:[Warning]:[Metadata] AttributesManagerBase.h(457)::buildAttrSrcPathsFromJSONAndLoad : <Scene Instance> : No Glob path result found for `/home/gs/my_project/LH-VLN/data/hm3d/val/00803-k1cupFYWXJ6/*.basis.scene_instance.json` so unable to load templates from that path.
[16:26:21:618836]:[Warning]:[Metadata] AttributesManagerBase.h(457)::buildAttrSrcPathsFromJSONAndLoad : <Scene Instance> : No Glob path result found for `/home/gs/my_project/LH-VLN/data/hm3d/val/00808-y9hTuugGdiq/*.basis.scene_instance.json` so unable to load templates from that path.
[16:26:21:618845]:[Warning]:[Metadata] AttributesManagerBase.h(457)::buildAttrSrcPathsFromJSONAndLoad : <Scene Instance> : No Glob path result found for `/home/gs/my_project/LH-VLN/data/hm3d/val/00810-CrMo8WxCyVb/*.basis.scene_instance.json` so unable to load templates from that path.
[16:26:21:618855]:[Warning]:[Metadata] AttributesManagerBase.h(457)::buildAttrSrcPathsFromJSONAndLoad : <Scene Instance> : No Glob path result found for `/home/gs/my_project/LH-VLN/data/hm3d/val/00813-svBbv1Pavdk/*.basis.scene_instance.json` so unable to load templates from that path.
[16:26:21:618864]:[Warning]:[Metadata] AttributesManagerBase.h(457)::buildAttrSrcPathsFromJSONAndLoad : <Scene Instance> : No Glob path result found for `/home/gs/my_project/LH-VLN/data/hm3d/val/00814-p53SfW6mjZe/*.basis.scene_instance.json` so unable to load templates from that path.
[16:26:21:618873]:[Warning]:[Metadata] AttributesManagerBase.h(457)::buildAttrSrcPathsFromJSONAndLoad : <Scene Instance> : No Glob path result found for `/home/gs/my_project/LH-VLN/data/hm3d/val/00815-h1zeeAwLh9Z/*.basis.scene_instance.json` so unable to load templates from that path.
[16:26:21:618882]:[Warning]:[Metadata] AttributesManagerBase.h(457)::buildAttrSrcPathsFromJSONAndLoad : <Scene Instance> : No Glob path result found for `/home/gs/my_project/LH-VLN/data/hm3d/val/00820-mL8ThkuaVTM/*.basis.scene_instance.json` so unable to load templates from that path.
[16:26:21:618891]:[Warning]:[Metadata] AttributesManagerBase.h(457)::buildAttrSrcPathsFromJSONAndLoad : <Scene Instance> : No Glob path result found for `/home/gs/my_project/LH-VLN/data/hm3d/val/00821-eF36g7L6Z9M/*.basis.scene_instance.json` so unable to load templates from that path.
[16:26:21:618900]:[Warning]:[Metadata] AttributesManagerBase.h(457)::buildAttrSrcPathsFromJSONAndLoad : <Scene Instance> : No Glob path result found for `/home/gs/my_project/LH-VLN/data/hm3d/val/00823-7MXmsvcQjpJ/*.basis.scene_instance.json` so unable to load templates from that path.
[16:26:21:618909]:[Warning]:[Metadata] AttributesManagerBase.h(457)::buildAttrSrcPathsFromJSONAndLoad : <Scene Instance> : No Glob path result found for `/home/gs/my_project/LH-VLN/data/hm3d/val/00824-Dd4bFSTQ8gi/*.basis.scene_instance.json` so unable to load templates from that path.
[16:26:21:618918]:[Warning]:[Metadata] AttributesManagerBase.h(457)::buildAttrSrcPathsFromJSONAndLoad : <Scene Instance> : No Glob path result found for `/home/gs/my_project/LH-VLN/data/hm3d/val/00827-BAbdmeyTvMZ/*.basis.scene_instance.json` so unable to load templates from that path.
[16:26:21:618927]:[Warning]:[Metadata] AttributesManagerBase.h(457)::buildAttrSrcPathsFromJSONAndLoad : <Scene Instance> : No Glob path result found for `/home/gs/my_project/LH-VLN/data/hm3d/val/00829-QaLdnwvtxbs/*.basis.scene_instance.json` so unable to load templates from that path.
[16:26:21:618935]:[Warning]:[Metadata] AttributesManagerBase.h(457)::buildAttrSrcPathsFromJSONAndLoad : <Scene Instance> : No Glob path result found for `/home/gs/my_project/LH-VLN/data/hm3d/val/00831-yr17PDCnDDW/*.basis.scene_instance.json` so unable to load templates from that path.
[16:26:21:618950]:[Warning]:[Metadata] AttributesManagerBase.h(457)::buildAttrSrcPathsFromJSONAndLoad : <Scene Instance> : No Glob path result found for `/home/gs/my_project/LH-VLN/data/hm3d/val/00832-qyAac8rV8Zk/*.basis.scene_instance.json` so unable to load templates from that path.
[16:26:21:618959]:[Warning]:[Metadata] AttributesManagerBase.h(457)::buildAttrSrcPathsFromJSONAndLoad : <Scene Instance> : No Glob path result found for `/home/gs/my_project/LH-VLN/data/hm3d/val/00835-q3zU7Yy5E5s/*.basis.scene_instance.json` so unable to load templates from that path.
[16:26:21:618968]:[Warning]:[Metadata] AttributesManagerBase.h(457)::buildAttrSrcPathsFromJSONAndLoad : <Scene Instance> : No Glob path result found for `/home/gs/my_project/LH-VLN/data/hm3d/val/00839-zt1RVoi7PcG/*.basis.scene_instance.json` so unable to load templates from that path.
[16:26:21:618977]:[Warning]:[Metadata] AttributesManagerBase.h(457)::buildAttrSrcPathsFromJSONAndLoad : <Scene Instance> : No Glob path result found for `/home/gs/my_project/LH-VLN/data/hm3d/val/00843-DYehNKdT76V/*.basis.scene_instance.json` so unable to load templates from that path.
[16:26:21:618986]:[Warning]:[Metadata] AttributesManagerBase.h(457)::buildAttrSrcPathsFromJSONAndLoad : <Scene Instance> : No Glob path result found for `/home/gs/my_project/LH-VLN/data/hm3d/val/00844-q5QZSEeHe5g/*.basis.scene_instance.json` so unable to load templates from that path.
[16:26:21:618995]:[Warning]:[Metadata] AttributesManagerBase.h(457)::buildAttrSrcPathsFromJSONAndLoad : <Scene Instance> : No Glob path result found for `/home/gs/my_project/LH-VLN/data/hm3d/val/00847-bCPU9suPUw9/*.basis.scene_instance.json` so unable to load templates from that path.
[16:26:21:619004]:[Warning]:[Metadata] AttributesManagerBase.h(457)::buildAttrSrcPathsFromJSONAndLoad : <Scene Instance> : No Glob path result found for `/home/gs/my_project/LH-VLN/data/hm3d/val/00848-ziup5kvtCCR/*.basis.scene_instance.json` so unable to load templates from that path.
[16:26:21:619013]:[Warning]:[Metadata] AttributesManagerBase.h(457)::buildAttrSrcPathsFromJSONAndLoad : <Scene Instance> : No Glob path result found for `/home/gs/my_project/LH-VLN/data/hm3d/val/00849-a8BtkwhxdRV/*.basis.scene_instance.json` so unable to load templates from that path.
[16:26:21:619022]:[Warning]:[Metadata] AttributesManagerBase.h(457)::buildAttrSrcPathsFromJSONAndLoad : <Scene Instance> : No Glob path result found for `/home/gs/my_project/LH-VLN/data/hm3d/val/00853-5cdEh9F2hJL/*.basis.scene_instance.json` so unable to load templates from that path.
[16:26:21:619031]:[Warning]:[Metadata] AttributesManagerBase.h(457)::buildAttrSrcPathsFromJSONAndLoad : <Scene Instance> : No Glob path result found for `/home/gs/my_project/LH-VLN/data/hm3d/val/00861-GLAQ4DNUx5U/*.basis.scene_instance.json` so unable to load templates from that path.
[16:26:21:619040]:[Warning]:[Metadata] AttributesManagerBase.h(457)::buildAttrSrcPathsFromJSONAndLoad : <Scene Instance> : No Glob path result found for `/home/gs/my_project/LH-VLN/data/hm3d/val/00862-LT9Jq6dN3Ea/*.basis.scene_instance.json` so unable to load templates from that path.
[16:26:21:619049]:[Warning]:[Metadata] AttributesManagerBase.h(457)::buildAttrSrcPathsFromJSONAndLoad : <Scene Instance> : No Glob path result found for `/home/gs/my_project/LH-VLN/data/hm3d/val/00869-MHPLjHsuG27/*.basis.scene_instance.json` so unable to load templates from that path.
[16:26:21:619058]:[Warning]:[Metadata] AttributesManagerBase.h(457)::buildAttrSrcPathsFromJSONAndLoad : <Scene Instance> : No Glob path result found for `/home/gs/my_project/LH-VLN/data/hm3d/val/00871-VBzV5z6i1WS/*.basis.scene_instance.json` so unable to load templates from that path.
[16:26:21:619068]:[Warning]:[Metadata] AttributesManagerBase.h(457)::buildAttrSrcPathsFromJSONAndLoad : <Scene Instance> : No Glob path result found for `/home/gs/my_project/LH-VLN/data/hm3d/val/00873-bxsVRursffK/*.basis.scene_instance.json` so unable to load templates from that path.
[16:26:21:619077]:[Warning]:[Metadata] AttributesManagerBase.h(457)::buildAttrSrcPathsFromJSONAndLoad : <Scene Instance> : No Glob path result found for `/home/gs/my_project/LH-VLN/data/hm3d/val/00876-mv2HUxq3B53/*.basis.scene_instance.json` so unable to load templates from that path.
[16:26:21:619086]:[Warning]:[Metadata] AttributesManagerBase.h(457)::buildAttrSrcPathsFromJSONAndLoad : <Scene Instance> : No Glob path result found for `/home/gs/my_project/LH-VLN/data/hm3d/val/00877-4ok3usBNeis/*.basis.scene_instance.json` so unable to load templates from that path.
[16:26:21:619095]:[Warning]:[Metadata] AttributesManagerBase.h(457)::buildAttrSrcPathsFromJSONAndLoad : <Scene Instance> : No Glob path result found for `/home/gs/my_project/LH-VLN/data/hm3d/val/00878-XB4GS9ShBRE/*.basis.scene_instance.json` so unable to load templates from that path.
[16:26:21:619104]:[Warning]:[Metadata] AttributesManagerBase.h(457)::buildAttrSrcPathsFromJSONAndLoad : <Scene Instance> : No Glob path result found for `/home/gs/my_project/LH-VLN/data/hm3d/val/00880-Nfvxx8J5NCo/*.basis.scene_instance.json` so unable to load templates from that path.
[16:26:21:619113]:[Warning]:[Metadata] AttributesManagerBase.h(457)::buildAttrSrcPathsFromJSONAndLoad : <Scene Instance> : No Glob path result found for `/home/gs/my_project/LH-VLN/data/hm3d/val/00890-6s7QHgap2fW/*.basis.scene_instance.json` so unable to load templates from that path.
[16:26:21:619122]:[Warning]:[Metadata] AttributesManagerBase.h(457)::buildAttrSrcPathsFromJSONAndLoad : <Scene Instance> : No Glob path result found for `/home/gs/my_project/LH-VLN/data/hm3d/val/00891-cvZr5TUy5C5/*.basis.scene_instance.json` so unable to load templates from that path.
[16:26:21:619131]:[Warning]:[Metadata] AttributesManagerBase.h(457)::buildAttrSrcPathsFromJSONAndLoad : <Scene Instance> : No Glob path result found for `/home/gs/my_project/LH-VLN/data/hm3d/val/00894-HY1NcmCgn3n/*.basis.scene_instance.json` so unable to load templates from that path.
[16:26:21:870095]:[Warning]:[Metadata] SceneDatasetAttributes.cpp(107)::addNewSceneInstanceToDataset : Dataset : 'hm3d_annotated_basis' : Lighting Layout Attributes 'no_lights' specified in Scene Attributes but does not exist in dataset, so creating default.

ERROR conda.cli.main_run:execute(125): `conda run env NAVGEN_SIM_GPU_DEVICE=0 NAVGEN_RAM_DEVICE=cuda:0 python main.py --max_step 500 --loop 1 --task_path /home/gs/my_project/LH-VLN/nav_gen/remote_batches/batch_20260427/item_0001/task/ --step_task_path /home/gs/my_project/LH-VLN/nav_gen/remote_batches/batch_20260427/item_0001/step_task/ --ram_logs /home/gs/my_project/LH-VLN/nav_gen/remote_batches/batch_20260427/item_0001/logs/step_task_logs.txt --split_save_path /home/gs/my_project/LH-VLN/nav_gen/remote_batches/batch_20260427/item_0001/task/trail_list.txt` failed. (See above for error)
Renderer: NVIDIA GeForce RTX 5080/PCIe/SSE2 by NVIDIA Corporation
OpenGL version: 4.6.0 NVIDIA 570.169
Using optional features:
    GL_ARB_vertex_array_object
    GL_ARB_separate_shader_objects
    GL_ARB_robustness
    GL_ARB_texture_storage
    GL_ARB_texture_view
    GL_ARB_framebuffer_no_attachments
    GL_ARB_invalidate_subdata
    GL_ARB_texture_storage_multisample
    GL_ARB_multi_bind
    GL_ARB_direct_state_access
    GL_ARB_get_texture_sub_image
    GL_ARB_texture_filter_anisotropic
    GL_KHR_debug
    GL_KHR_parallel_shader_compile
    GL_NV_depth_buffer_float
Using driver workarounds:
    no-forward-compatible-core-context
    nv-egl-incorrect-gl11-function-pointers
    no-layout-qualifiers-on-old-glsl
    nv-zero-context-profile-mask
    nv-implementation-color-read-format-dsa-broken
    nv-cubemap-inconsistent-compressed-image-size
    nv-cubemap-broken-full-compressed-image-query
    nv-compressed-block-size-in-bits

